
========================================================================================================
2025-26
========================================================================================================

  H1 close trigger, S = $25
    phase     n      PF    exp R    net R     net $     WR      TP/SL/T    hold
    ROUND   819   0.817  -0.0916    -75.0      -984  50.9%    417/402/0     21m
     3/12   805   0.870  -0.0620    -49.9      -627  53.3%    429/375/1     21m
     6/12   805   0.895  -0.0491    -39.6      -539  54.8%    441/364/0     16m
     9/12   806   0.781  -0.1075    -86.7     -1001  52.2%    421/385/0     16m

  D1 close trigger, S = $25
    phase     n      PF    exp R    net R     net $     WR      TP/SL/T    hold
    ROUND   152   1.058  +0.0228     +3.5       -75  61.8%      94/58/0     44m
     3/12   147   0.726  -0.1244    -18.3      -254  55.8%      82/65/0     56m
     6/12   150   0.936  -0.0258     -3.9       -74  61.3%      92/58/0     43m
     9/12   122   1.195  +0.0645     +7.9      +119  68.0%      83/39/0     53m

  H1 close trigger, S = $50
    phase     n      PF    exp R    net R     net $     WR      TP/SL/T    hold
    ROUND   273   0.954  -0.0226     -6.2      -176  52.0%    141/130/2     55m
     3/12   267   0.717  -0.1581    -42.2      -811  44.6%    119/147/1     43m
     6/12   232   0.968  -0.0158     -3.7      -107  51.3%    119/113/0     51m
     9/12   267   1.218  +0.0910    +24.3      +483  58.4%    156/110/1     47m

  D1 close trigger, S = $50
    phase     n      PF    exp R    net R     net $     WR      TP/SL/T    hold
    ROUND   111   1.152  +0.0681     +7.6      -234  55.9%      61/48/2    124m
     3/12   110   0.691  -0.1384    -15.2      -287  57.3%      63/47/0    119m
     6/12   103   1.106  +0.0373     +3.8       +69  65.0%      67/36/0    106m
     9/12   104   1.154  +0.0604     +6.3      +126  62.5%      65/39/0    170m

  H1 close trigger, S = $100
    phase     n      PF    exp R    net R     net $     WR      TP/SL/T    hold
    ROUND    70   0.828  -0.0945     -6.6      -203  47.1%      33/37/0    117m
     3/12    61   0.877  -0.0607     -3.7      -222  50.8%      31/29/1     66m
     6/12    64   0.921  -0.0423     -2.7      -212  46.9%      28/34/2     93m
     9/12    53   0.541  -0.2890    -15.3      -524  37.7%      20/33/0     73m

  D1 close trigger, S = $100
    phase     n      PF    exp R    net R     net $     WR      TP/SL/T    hold
    ROUND    59   0.949  -0.0220     -1.3      -214  54.2%      29/25/5    472m
     3/12    68   0.823  -0.0913     -6.2      -201  50.0%      34/32/2    513m
     6/12    54   1.336  +0.1185     +6.4      +230  63.0%      33/18/3    521m
     9/12    46   1.112  +0.0425     +2.0      +103  60.9%      28/17/1    253m

  H1 close trigger, S = $250
    phase     n      PF    exp R    net R     net $     WR      TP/SL/T    hold
    ROUND     0   (too few trades)
     3/12     2   (too few trades)
     6/12     5   0.446  -0.4464     -2.2      -333  20.0%        1/4/0     97m
     9/12     6   1.949  +0.4759     +2.9      +206  50.0%        3/3/0    316m

  D1 close trigger, S = $250
    phase     n      PF    exp R    net R     net $     WR      TP/SL/T    hold
    ROUND    10   1.156  +0.0385     +0.4      +124  50.0%        2/2/6   3900m
     3/12    18   5.077  +0.4837     +8.7      +968  77.8%       11/2/5   1325m
     6/12    12   1.182  +0.0632     +0.8       -98  58.3%        4/4/4    824m
     9/12    13   1.657  +0.2269     +2.9       +93  61.5%        6/4/3    631m

========================================================================================================
2024-25
========================================================================================================

  H1 close trigger, S = $25
    phase     n      PF    exp R    net R     net $     WR      TP/SL/T    hold
    ROUND   179   0.714  -0.1634    -29.2      -335  43.6%     78/101/0     76m
     3/12   175   0.776  -0.1258    -22.0      -221  44.6%      77/97/1     85m
     6/12   167   0.815  -0.1040    -17.4      -239  44.3%      74/93/0     73m
     9/12   175   0.768  -0.1281    -22.4      -243  45.7%      80/95/0     59m

  D1 close trigger, S = $25
    phase     n      PF    exp R    net R     net $     WR      TP/SL/T    hold
    ROUND    99   0.928  -0.0295     -2.9       -37  59.6%      59/40/0    248m
     3/12   100   0.977  -0.0097     -1.0       +12  58.0%      58/42/0    227m
     6/12    96   1.129  +0.0488     +4.7       +90  62.5%      60/36/0    185m
     9/12    95   1.005  +0.0018     +0.2       +31  65.3%      62/33/0    194m

  H1 close trigger, S = $50
    phase     n      PF    exp R    net R     net $     WR      TP/SL/T    hold
    ROUND    33   0.619  -0.2553     -8.4      -193  33.3%      10/22/1    243m
     3/12    28   0.695  -0.1865     -5.2      -111  39.3%      11/17/0    344m
     6/12    25   0.676  -0.2093     -5.2      -124  36.0%       8/16/1    183m
     9/12    25   0.786  -0.1379     -3.4       -99  36.0%       9/16/0    303m

  D1 close trigger, S = $50
    phase     n      PF    exp R    net R     net $     WR      TP/SL/T    hold
    ROUND    41   1.353  +0.1502     +6.2      +102  56.1%      22/17/2    631m
     3/12    43   1.017  +0.0072     +0.3       -23  55.8%      22/17/4    553m
     6/12    41   1.063  +0.0268     +1.1        +3  56.1%      21/17/3    634m
     9/12    46   1.104  +0.0391     +1.8       +80  60.9%      27/17/2    593m

  H1 close trigger, S = $100
    phase     n      PF    exp R    net R     net $     WR      TP/SL/T    hold
    ROUND     1   (too few trades)
     3/12     1   (too few trades)
     6/12     0   (too few trades)
     9/12     3   (too few trades)

  D1 close trigger, S = $100
    phase     n      PF    exp R    net R     net $     WR      TP/SL/T    hold
    ROUND     9   0.326  -0.3129     -2.8      -159  44.4%        2/4/3    740m
     3/12    15   1.045  +0.0132     +0.2        -2  66.7%        4/4/7   2374m
     6/12    10   3.749  +0.5932     +5.9      +223  70.0%        5/2/3   3256m
     9/12    11   5.766  +0.5504     +6.1      +270  81.8%        6/1/4   2202m

  H1 close trigger, S = $250
    phase     n      PF    exp R    net R     net $     WR      TP/SL/T    hold
    ROUND     0   (too few trades)
     3/12     0   (too few trades)
     6/12     0   (too few trades)
     9/12     0   (too few trades)

  D1 close trigger, S = $250
    phase     n      PF    exp R    net R     net $     WR      TP/SL/T    hold
    ROUND     0   (too few trades)
     3/12     0   (too few trades)
     6/12     0   (too few trades)
     9/12     1   (too few trades)

written -> research/quarters/results/barclose.csv
