
########################################################################################################
2025-26
########################################################################################################
         S  control               n      PF    exp R     net R      net $     WR  spread/risk
     25.00  yotov (baseline)   7381   0.811  -0.1383   -1020.8    -9186.8  29.6%         8.9%
     25.00  entry-at-level     5278   0.871  -0.1028    -542.4    -5064.1  24.0%             
     25.00  zero-cost (mid fills)   7430   1.011  +0.0080     +59.4     +246.8  32.2%             
     25.00    -> long          3750   0.828  -0.1254    -470.2             29.9%
     25.00    -> short         3631   0.793  -0.1516    -550.5             29.3%
     25.00  inverted           7381   1.233  +0.1383   +1020.8             70.4%
     50.00  yotov (baseline)   1931   0.852  -0.1075    -207.5    -3486.3  29.1%         4.5%
     50.00  entry-at-level     1327   0.885  -0.0906    -120.3    -1946.7  23.4%             
     50.00  zero-cost (mid fills)   1946   0.987  -0.0093     -18.2     -348.9  31.0%             
     50.00    -> long           980   0.890  -0.0789     -77.3             29.9%
     50.00    -> short          951   0.813  -0.1369    -130.2             28.3%
     50.00  inverted           1931   1.174  +0.1075    +207.5             70.9%
    100.00  yotov (baseline)    528   0.942  -0.0405     -21.4     -720.5  31.2%         2.2%
    100.00  entry-at-level      377   0.901  -0.0764     -28.8     -934.0  24.4%             
    100.00  zero-cost (mid fills)    523   1.010  +0.0070      +3.6      +98.3  32.1%             
    100.00    -> long           267   0.962  -0.0263      -7.0             32.2%
    100.00    -> short          261   0.922  -0.0550     -14.4             30.3%
    100.00  inverted            528   1.062  +0.0405     +21.4             68.8%
    250.00  yotov (baseline)     87   1.059  +0.0342      +3.0     +145.4  37.9%         0.9%
    250.00  entry-at-level       76   1.273  +0.1309      +9.9     +758.7  40.8%             
    250.00  zero-cost (mid fills)     87   1.082  +0.0469      +4.1     +233.2  37.9%             
    250.00    -> long            49   1.006  +0.0036      +0.2             40.8%
    250.00    -> short           38   1.125  +0.0737      +2.8             34.2%
    250.00  inverted             87   0.944  -0.0342      -3.0             62.1%

########################################################################################################
2024-25
########################################################################################################
         S  control               n      PF    exp R     net R      net $     WR  spread/risk
     25.00  yotov (baseline)   1148   0.859  -0.1015    -116.6     -964.5  29.3%         8.9%
     25.00  entry-at-level      780   0.900  -0.0773     -60.3     -523.4  23.7%             
     25.00  zero-cost (mid fills)   1166   1.007  +0.0051      +6.0      +31.0  31.3%             
     25.00    -> long           599   0.914  -0.0613     -36.7             30.6%
     25.00    -> short          549   0.801  -0.1454     -79.8             27.9%
     25.00  inverted           1148   1.164  +0.1015    +116.6             70.7%
     50.00  yotov (baseline)    286   1.044  +0.0288      +8.2     +117.5  33.6%         4.5%
     50.00  entry-at-level      217   1.026  +0.0182      +4.0      +73.8  30.4%             
     50.00  zero-cost (mid fills)    291   1.150  +0.0959     +27.9     +421.4  34.7%             
     50.00    -> long           152   1.186  +0.1160     +17.6             37.5%
     50.00    -> short          134   0.899  -0.0701      -9.4             29.1%
     50.00  inverted            286   0.958  -0.0288      -8.2             66.4%
    100.00  yotov (baseline)     77   1.028  +0.0153      +1.2      +25.9  44.2%         2.2%
    100.00  entry-at-level       70   1.105  +0.0528      +3.7     +150.5  41.4%             
    100.00  zero-cost (mid fills)     78   1.200  +0.1037      +8.1     +238.0  47.4%             
    100.00    -> long            48   1.053  +0.0285      +1.4             45.8%
    100.00    -> short           29   0.988  -0.0065      -0.2             41.4%
    100.00  inverted             77   0.972  -0.0153      -1.2             55.8%
    250.00  yotov (baseline)     10   1.868  +0.2260      +2.3     +171.6  60.0%         0.9%
    250.00  entry-at-level       24   0.913  -0.0257      -0.6      -50.5  37.5%             
    250.00  zero-cost (mid fills)     10   1.978  +0.2449      +2.4     +184.3  60.0%             
    250.00    -> long             6   6.798  +0.4519      +2.7             83.3%
    250.00    -> short            4   0.789  -0.1128      -0.5             25.0%
    250.00  inverted             10   0.535  -0.2260      -2.3             40.0%

written -> research/quarters/results/controls.csv
