
################################################################################################################
2025-26: 91,629,949 ticks  (load 10s)
################################################################################################################

  S = $25.00   [1R = the realised entry-to-stop distance]
  config        phase      n      PF    exp R     net R      net $     WR    DD R         TP/SL/T   hold
  yotov         ROUND   7381   0.811  -0.1383   -1020.8    -9186.8  29.6%  1054.9     2190/5190/1      7m
  no-filter     ROUND 137500   0.065  -1.5963 -219489.0  -125510.1   0.3%219489.0    472/137028/0      0m
  tol-target    ROUND   7843   0.798  -0.1410   -1105.6    -9975.8  32.8%  1133.2     2583/5259/1      6m
  wide-stop     ROUND   5597   0.832  -0.1109    -620.9    -7218.5  36.0%   653.5     2022/3573/2     11m
  long-clock    ROUND   7381   0.811  -0.1383   -1020.8    -9186.8  29.6%  1054.9     2190/5190/1      7m
  yotov          1/12   7432   0.832  -0.1218    -905.5    -8313.7  30.1%   966.8     2245/5185/2      7m
  yotov          2/12   7434   0.811  -0.1384   -1028.6    -9363.5  29.6%  1057.1     2207/5224/3      7m
  yotov          3/12   7558   0.791  -0.1531   -1157.4   -10212.5  29.1%  1179.3     2209/5348/1      7m
  yotov          4/12   7641   0.800  -0.1465   -1119.7    -9834.6  29.3%  1129.5     2247/5392/2      7m
  yotov          5/12   7725   0.784  -0.1590   -1228.6   -10789.4  29.0%  1239.9     2249/5475/1      7m
  yotov          6/12   7760   0.787  -0.1569   -1217.7   -10683.2  29.1%  1220.8     2261/5497/2      7m
  yotov          7/12   7702   0.784  -0.1590   -1224.9   -10954.7  28.9%  1227.4     2230/5470/2      8m
  yotov          8/12   7660   0.784  -0.1592   -1219.5   -10908.8  28.9%  1227.4     2216/5442/2      7m
  yotov          9/12   7618   0.783  -0.1601   -1219.8   -10897.1  28.9%  1226.3     2209/5407/2      8m
  yotov         10/12   7496   0.804  -0.1432   -1073.2    -9655.3  29.4%  1080.0     2215/5280/1      8m
  yotov         11/12   7429   0.804  -0.1440   -1069.8    -9530.6  29.5%  1102.3     2195/5233/1      7m

  S = $50.00   [1R = the realised entry-to-stop distance]
  config        phase      n      PF    exp R     net R      net $     WR    DD R         TP/SL/T   hold
  yotov         ROUND   1931   0.852  -0.1075    -207.5    -3486.3  29.1%   246.6      561/1367/3     33m
  no-filter     ROUND  27278   0.126  -1.3949  -38048.9   -33966.3   0.4% 38048.9     111/27167/0      0m
  tol-target    ROUND   2028   0.863  -0.0937    -190.0    -3180.0  32.8%   224.2      666/1360/2     27m
  wide-stop     ROUND   1413   0.867  -0.0881    -124.5    -2760.0  35.5%   158.9       501/909/3     49m
  long-clock    ROUND   1931   0.852  -0.1074    -207.4    -3484.7  29.1%   248.3      562/1368/1     33m
  yotov          1/12   1971   0.848  -0.1105    -217.8    -3528.2  29.2%   250.9      573/1394/4     32m
  yotov          2/12   2032   0.887  -0.0808    -164.2    -2643.9  30.1%   197.9      610/1418/4     29m
  yotov          3/12   2028   0.875  -0.0895    -181.5    -2957.7  29.8%   225.2      605/1420/3     32m
  yotov          4/12   2004   0.903  -0.0690    -138.2    -2334.4  30.3%   182.9      608/1393/3     29m
  yotov          5/12   2019   0.914  -0.0617    -124.6    -2236.8  30.6%   178.0      617/1399/3     29m
  yotov          6/12   2081   0.920  -0.0573    -119.3    -2099.4  30.8%   182.2      639/1440/2     29m
  yotov          7/12   2060   0.896  -0.0745    -153.5    -2631.8  30.2%   208.3      622/1435/3     31m
  yotov          8/12   1995   0.945  -0.0389     -77.6    -1391.6  31.3%   141.9      624/1368/3     29m
  yotov          9/12   1972   0.953  -0.0328     -64.6    -1153.5  31.5%   103.8      622/1348/2     29m
  yotov         10/12   2019   0.885  -0.0825    -166.6    -2916.1  29.8%   183.3      604/1412/3     31m
  yotov         11/12   2007   0.843  -0.1151    -230.9    -3933.6  28.7%   258.7      577/1428/2     32m

  S = $100.00   [1R = the realised entry-to-stop distance]
  config        phase      n      PF    exp R     net R      net $     WR    DD R         TP/SL/T   hold
  yotov         ROUND    528   0.942  -0.0405     -21.4     -720.5  31.2%    38.7      152/359/17    143m
  no-filter     ROUND   3363   0.191  -1.2497   -4202.6    -6929.1   0.6%  4211.8       20/3342/1      0m
  tol-target    ROUND    542   0.952  -0.0320     -17.4     -566.2  34.5%    36.0      180/350/12    124m
  wide-stop     ROUND    386   0.936  -0.0404     -15.6     -650.3  37.3%    37.4      132/235/19    233m
  long-clock    ROUND    527   0.969  -0.0219     -11.6     -381.5  30.9%    34.0       163/363/1    143m
  yotov          1/12    533   1.000  +0.0002      +0.1       -2.7  32.5%    41.3      161/355/17    127m
  yotov          2/12    529   1.026  +0.0176      +9.3     +228.0  33.3%    35.3      162/350/17    124m
  yotov          3/12    531   1.096  +0.0637     +33.8     +890.4  34.8%    38.8      168/342/21    144m
  yotov          4/12    549   0.990  -0.0069      -3.8     -214.3  32.8%    50.2      161/365/23    134m
  yotov          5/12    533   0.972  -0.0195     -10.4     -350.7  32.5%    48.1      156/356/21    142m
  yotov          6/12    522   0.997  -0.0023      -1.2      -89.0  32.8%    38.1      152/346/24    122m
  yotov          7/12    533   1.009  +0.0058      +3.1      -47.5  32.8%    44.3      159/352/22    138m
  yotov          8/12    531   0.902  -0.0684     -36.3    -1180.7  30.9%    52.0      148/362/21    127m
  yotov          9/12    534   0.935  -0.0451     -24.1     -787.7  30.7%    37.7      155/367/12    148m
  yotov         10/12    527   0.931  -0.0484     -25.5     -810.3  30.4%    34.7      154/363/10    151m
  yotov         11/12    519   0.968  -0.0222     -11.5     -340.2  31.6%    38.1      155/350/14    142m

  S = $250.00   [1R = the realised entry-to-stop distance]
  config        phase      n      PF    exp R     net R      net $     WR    DD R         TP/SL/T   hold
  yotov         ROUND     87   1.059  +0.0342      +3.0     +145.4  37.9%    13.0        16/47/24   1276m
  no-filter     ROUND    177   0.258  -1.0996    -194.6     -761.3   0.6%   197.3         1/176/0      0m
  tol-target    ROUND     88   1.042  +0.0239      +2.1      +75.5  38.6%    10.1        23/48/17   1167m
  wide-stop     ROUND     66   0.968  -0.0167      -1.1     -200.6  40.9%     9.4        13/30/23   1937m
  long-clock    ROUND     87   1.187  +0.1180     +10.3     +691.5  37.9%    12.0         26/54/7   1467m
  yotov          1/12     92   1.126  +0.0718      +6.6     +409.8  39.1%     7.0        18/49/25   1341m
  yotov          2/12     91   1.173  +0.0931      +8.5     +633.9  38.5%     7.0        20/45/26   1311m
  yotov          3/12     86   1.082  +0.0468      +4.0     +296.4  36.0%     9.3        19/45/22   1252m
  yotov          4/12     83   1.194  +0.1036      +8.6     +647.5  42.2%     5.9        19/42/22   1332m
  yotov          5/12     97   0.883  -0.0709      -6.9     -555.1  35.1%    12.5        18/56/23   1099m
  yotov          6/12     91   1.072  +0.0397      +3.6     +273.7  40.7%     7.4        17/48/26   1155m
  yotov          7/12     85   1.002  +0.0009      +0.1       +7.2  40.0%     8.1        14/43/28   1285m
  yotov          8/12     78   1.552  +0.2463     +19.2    +1505.2  51.3%     6.6        19/32/27   1348m
  yotov          9/12     92   1.281  +0.1420     +13.1    +1002.0  42.4%    12.0        20/43/29    896m
  yotov         10/12     85   1.108  +0.0601      +5.1     +277.2  40.0%     9.6        17/43/25   1300m
  yotov         11/12     81   1.172  +0.0959      +7.8     +474.9  40.7%     9.6        16/43/22   1166m

################################################################################################################
2024-25: 64,093,055 ticks  (load 7s)
################################################################################################################

  S = $25.00   [1R = the realised entry-to-stop distance]
  config        phase      n      PF    exp R     net R      net $     WR    DD R         TP/SL/T   hold
  yotov         ROUND   1148   0.859  -0.1015    -116.6     -964.5  29.3%   139.2       334/809/5     70m
  no-filter     ROUND  36086   0.031  -1.6968  -61229.8   -23519.4   0.1% 61229.8      37/36048/1      0m
  tol-target    ROUND   1194   0.879  -0.0824     -98.3     -853.3  33.1%   120.0       394/796/4     62m
  wide-stop     ROUND    831   0.888  -0.0732     -60.8     -632.0  36.3%    84.2       297/525/9    122m
  long-clock    ROUND   1149   0.864  -0.0980    -112.6     -932.4  29.3%   137.3       337/811/1     70m
  yotov          1/12   1152   0.861  -0.0998    -115.0     -951.8  29.2%   150.7       334/813/5     78m
  yotov          2/12   1217   0.838  -0.1176    -143.1    -1157.5  28.8%   147.9       346/863/8     72m
  yotov          3/12   1195   0.855  -0.1047    -125.1    -1084.0  29.0%   126.7       344/844/7     66m
  yotov          4/12   1183   0.858  -0.1026    -121.4    -1033.3  29.2%   132.6       340/837/6     72m
  yotov          5/12   1206   0.855  -0.1044    -125.9    -1065.1  29.0%   126.0       344/855/7     71m
  yotov          6/12   1177   0.886  -0.0816     -96.0     -862.5  29.6%   113.5       345/827/5     79m
  yotov          7/12   1175   0.879  -0.0865    -101.6     -862.9  29.5%   103.9       345/825/5     78m
  yotov          8/12   1178   0.908  -0.0652     -76.8     -655.1  30.3%    82.6       354/821/3     76m
  yotov          9/12   1153   0.922  -0.0552     -63.7     -553.2  30.7%    69.5       350/799/4     78m
  yotov         10/12   1162   0.912  -0.0626     -72.8     -604.4  30.5%    77.4       350/807/5     80m
  yotov         11/12   1145   0.915  -0.0608     -69.6     -577.8  30.8%    89.7       350/791/4     72m

  S = $50.00   [1R = the realised entry-to-stop distance]
  config        phase      n      PF    exp R     net R      net $     WR    DD R         TP/SL/T   hold
  yotov         ROUND    286   1.044  +0.0288      +8.2     +117.5  33.6%    13.7       84/181/21    531m
  no-filter     ROUND   2883   0.094  -1.4558   -4197.2    -3171.2   0.2%  4197.2        6/2876/1      0m
  tol-target    ROUND    296   1.100  +0.0610     +18.1     +267.0  37.5%    18.2      103/176/17    477m
  wide-stop     ROUND    212   1.039  +0.0221      +4.7      +85.3  39.6%    15.7       69/115/28    765m
  long-clock    ROUND    285   1.059  +0.0404     +11.5     +178.3  32.6%    14.0        93/190/2    534m
  yotov          1/12    296   0.920  -0.0547     -16.2     -267.4  31.8%    19.4       80/195/21    478m
  yotov          2/12    295   1.012  +0.0081      +2.4       +4.9  33.6%    15.9       83/186/26    475m
  yotov          3/12    309   1.032  +0.0215      +6.6      +77.2  34.0%    19.4       88/199/22    413m
  yotov          4/12    297   0.978  -0.0145      -4.3      -72.9  34.7%    24.3       82/192/23    401m
  yotov          5/12    310   0.980  -0.0131      -4.1      -53.7  34.5%    29.2       86/196/28    383m
  yotov          6/12    315   1.018  +0.0119      +3.7      +32.5  34.0%    17.9       90/202/23    399m
  yotov          7/12    325   1.045  +0.0292      +9.5     +113.5  35.1%    25.2       93/206/26    282m
  yotov          8/12    308   1.159  +0.0996     +30.7     +457.8  35.7%    18.3       95/188/25    330m
  yotov          9/12    304   1.096  +0.0613     +18.6     +280.1  35.5%    10.7       88/191/25    329m
  yotov         10/12    309   0.996  -0.0026      -0.8       -8.4  33.3%    15.0       86/202/21    413m
  yotov         11/12    297   1.027  +0.0177      +5.2      +94.1  34.0%    17.5       86/194/17    527m

  S = $100.00   [1R = the realised entry-to-stop distance]
  config        phase      n      PF    exp R     net R      net $     WR    DD R         TP/SL/T   hold
  yotov         ROUND     77   1.028  +0.0153      +1.2      +25.9  44.2%    10.6        11/39/27   1671m
  no-filter     ROUND    254   0.006  -1.7095    -434.2     -634.8   0.4%   434.2         1/253/0      0m
  tol-target    ROUND     78   1.126  +0.0655      +5.1     +145.1  46.2%     9.8        18/38/22   1441m
  wide-stop     ROUND     64   0.911  -0.0440      -2.8     -120.7  46.9%     9.4        10/29/25   1896m
  long-clock    ROUND     78   1.177  +0.1140      +8.9     +264.7  37.2%    14.3         23/49/6   1619m
  yotov          1/12     83   0.870  -0.0760      -6.3     -195.3  36.1%    15.1        12/44/27   1176m
  yotov          2/12     87   0.867  -0.0784      -6.8     -217.2  37.9%    18.0        12/47/28   1242m
  yotov          3/12     89   0.970  -0.0166      -1.5      -36.2  37.1%    10.0        15/46/28   1662m
  yotov          4/12     86   1.057  +0.0329      +2.8     +103.7  39.5%     7.6        18/45/23   1613m
  yotov          5/12     78   1.148  +0.0777      +6.1     +197.4  42.3%     9.6        15/37/26   1732m
  yotov          6/12     73   1.559  +0.2516     +18.4     +544.1  46.6%     4.6        15/27/31   2001m
  yotov          7/12     67   1.423  +0.1904     +12.8     +386.7  49.3%     4.3        12/25/30   2056m
  yotov          8/12     68   1.374  +0.1726     +11.7     +359.7  45.6%     7.6        11/29/28   1865m
  yotov          9/12     69   1.269  +0.1316      +9.1     +277.7  46.4%     4.0        11/31/27   2623m
  yotov         10/12     78   1.274  +0.1273      +9.9     +311.9  47.4%     4.5        13/33/32   2198m
  yotov         11/12     79   1.137  +0.0697      +5.5     +179.1  41.8%     6.8        13/37/29   1745m

  S = $250.00   [1R = the realised entry-to-stop distance]
  config        phase      n      PF    exp R     net R      net $     WR    DD R         TP/SL/T   hold
  yotov         ROUND     10   1.868  +0.2260      +2.3     +171.6  60.0%     2.1           0/2/8   3355m
  no-filter     ROUND     12   0.000  -1.5391     -18.5      -58.4   0.0%    18.5          0/12/0      0m
  tol-target    ROUND     10   1.923  +0.2403      +2.4     +182.3  60.0%     2.1           2/2/6   2628m
  wide-stop     ROUND      9   4.847  +0.3224      +2.9     +292.3  66.7%     0.4           0/0/9   3322m
  long-clock    ROUND     12   1.533  +0.2332      +2.8     +211.7  50.0%     4.2           2/5/5  12014m
  yotov          1/12      9   0.689  -0.1093      -1.0      -75.4  22.2%     3.2           0/2/7   3374m
  yotov          2/12     10   0.787  -0.0785      -0.8      -58.5  40.0%     2.3           0/3/7   3810m
  yotov          3/12      7   1.275  +0.0963      +0.7      +50.4  42.9%     1.0           0/2/5   3095m
  yotov          4/12     11   0.791  -0.0916      -1.0      -76.5  45.5%     2.9           0/4/7   2717m
  yotov          5/12     10   0.218  -0.3494      -3.5     -264.0  40.0%     4.3           0/4/6   3601m
  yotov          6/12     10   0.413  -0.1794      -1.8     -135.6  40.0%     2.5           0/1/9   4023m
  yotov          7/12     11   0.443  -0.1207      -1.3     -100.3  36.4%     1.8          0/1/10   2784m
  yotov          8/12     11   0.785  -0.0628      -0.7      -50.9  54.5%     2.2           0/2/9   4314m
  yotov          9/12      6   4.405  +0.2169      +1.3     +102.6  66.7%     0.4           0/0/6   4288m
  yotov         10/12      6   4.488  +0.6617      +4.0     +299.7  66.7%     1.0           1/1/4   3425m
  yotov         11/12      9   1.552  +0.2093      +1.9     +142.1  55.6%     2.0           1/3/5   3313m

written: 128 rows -> research/quarters/results/system.csv
