********************************************************************************************************************************
EXIT OPTIMISATION, EQUITY CURVES AND MONTHLY TABLES
*** EVERY NUMBER BELOW IS IN-SAMPLE: XAUUSD 2025-08-21 to 2026-08-20, one year, no holdout. ***
********************************************************************************************************************************
universe: 896 QT cycles, tick-exact fills, 1R = |entry - structural stop|

================================================================================================================================
BASE (all cycles)   [IN-SAMPLE 2025-08-21..2026-08-20]
================================================================================================================================
  exit family                           n      PF   exp R   net R     WR     DD  Ulcer     R2 strk    mo+   hold
  -- targets (structural stop, exit by end of the 6h cycle) -------------------------------------------------------------
  structural target  [BASELINE]       896    0.58  -0.288 -258.22  29.6% 259.90 146.49  0.974   15   1/13     24
  fixed 0.5R target                   896    0.49  -0.251 -225.09  49.7% 230.26 140.33  0.977    8   0/13      6
  fixed 1R target                     896    0.60  -0.232 -207.92  39.1% 216.89 134.72  0.965   10   0/13     14
  fixed 1.5R target                   896    0.58  -0.275 -246.83  31.6% 253.74 148.74  0.971   15   0/13     22
  fixed 2R target                     896    0.64  -0.244 -218.85  29.6% 228.14 130.45  0.969   15   1/13     28
  fixed 3R target                     896    0.64  -0.256 -229.01  26.3% 235.09 132.82  0.965   15   2/13     32
  no target, time only                896    0.66  -0.251 -224.45  23.3% 239.52 127.31  0.921   22   3/13     40
  -- time bounds (structural target and stop) ----------------------------------------------------------------------------
  end of Q3   (+90 min)               896    0.58  -0.274 -245.89  30.7% 247.80 139.40  0.957   15   1/13     24
  end of cycle (+3h)  [BASELINE]      896    0.58  -0.288 -258.22  29.6% 259.90 146.49  0.974   15   1/13     24
  +6 hours                            896    0.61  -0.281 -251.46  29.0% 253.21 149.61  0.954   15   1/13     24
  17:00 New York (EOD)                896    0.60  -0.282 -252.71  29.1% 254.40 147.93  0.976   15   1/13     24
  -- stop distance (structural target, R still = structural risk) -------------------------------------------------------
  stop 0.5R                           896    0.40  -0.268 -240.04  17.6% 241.36 137.81  0.994   22   0/13      3
  stop 0.75R                          896    0.53  -0.273 -244.60  24.7% 247.78 132.96  0.985   16   0/13     11
  stop 1R   [BASELINE]                896    0.58  -0.288 -258.22  29.6% 259.90 146.49  0.974   15   1/13     24
  stop 1.25R                          896    0.57  -0.344 -307.80  32.8% 308.50 173.03  0.979   15   1/13     33
  stop 1.5R                           896    0.60  -0.360 -322.95  35.5% 323.21 189.87  0.971   11   0/13     42
  stop 2R                             896    0.64  -0.367 -328.61  40.1% 332.98 196.36  0.965   11   1/13     55
  -- break-even, trailing, partials (structural target and stop) --------------------------------------------------------
  break-even at +0.25R                896    0.34  -0.270 -241.62  13.8% 242.04 141.46  0.983   31   0/13      6
  break-even at +0.5R                 896    0.46  -0.266 -237.89  20.1% 239.06 141.42  0.984   18   0/13     12
  break-even at +0.75R                896    0.50  -0.267 -239.35  23.3% 240.52 141.39  0.976   18   1/13     15
  break-even at +1R                   896    0.60  -0.230 -206.44  26.1% 212.25 119.92  0.951   15   1/13     20
  trail 0.5R behind the high          896    0.34  -0.237 -212.05  27.5% 212.05 121.75  0.994   16   0/13      2
  trail 0.75R behind the high         896    0.42  -0.251 -225.17  32.5% 226.14 132.74  0.983   15   0/13      6
  trail 1R behind the high            896    0.48  -0.262 -234.38  33.7% 238.73 139.25  0.985   16   0/13     10
  trail 1.5R behind the high          896    0.53  -0.275 -246.48  32.6% 252.81 150.68  0.966   15   0/13     16
  bank 33% at +0.5R, run the rest     896    0.53  -0.275 -246.50  31.2% 248.41 143.22  0.979   15   1/13     24
  bank 33% at +1R, run the rest       896    0.55  -0.272 -243.70  30.4% 246.26 142.11  0.975   15   1/13     24
  bank 50% at +0.5R, run the rest     896    0.50  -0.268 -240.46  31.8% 242.88 141.67  0.980   15   0/13     24
  bank 50% at +1R, run the rest       896    0.54  -0.264 -236.22  31.0% 239.62 139.99  0.976   15   1/13     24
  bank 75% at +0.5R, run the rest     896    0.46  -0.258 -231.58  51.6% 234.86 139.41  0.981    8   0/13     24
  bank 75% at +1R, run the rest       896    0.56  -0.251 -225.22  42.1% 230.34 136.88  0.974    9   0/13     24

================================================================================================================================
M2  n=20 highest PF   [IN-SAMPLE 2025-08-21..2026-08-20]
================================================================================================================================
  exit family                           n      PF   exp R   net R     WR     DD  Ulcer     R2 strk    mo+   hold
  -- targets (structural stop, exit by end of the 6h cycle) -------------------------------------------------------------
  structural target  [BASELINE]        20    8.73  +0.387   +7.74  95.0%   1.00   0.26  0.965    1    8/9     23
  fixed 0.5R target                    20    3.02  +0.267   +5.35  80.0%   1.05   0.42  0.832    1    7/9     32
  fixed 1R target                      20    3.93  +0.543  +10.87  75.0%   1.36   0.52  0.841    1    7/9     65
  fixed 1.5R target                    20    2.55  +0.445   +8.89  65.0%   3.42   1.38  0.471    3    6/9    173
  fixed 2R target                      20    2.55  +0.444   +8.88  65.0%   3.42   1.36  0.450    3    6/9    180
  fixed 3R target                      20    2.69  +0.485   +9.70  65.0%   3.42   1.35  0.514    3    6/9    180
  no target, time only                 20    2.27  +0.365   +7.30  65.0%   3.42   1.46  0.274    3    6/9    180
  -- time bounds (structural target and stop) ----------------------------------------------------------------------------
  end of Q3   (+90 min)                20    7.59  +0.350   +7.01  90.0%   1.00   0.26  0.965    1    7/9     23
  end of cycle (+3h)  [BASELINE]       20    8.73  +0.387   +7.74  95.0%   1.00   0.26  0.965    1    8/9     23
  +6 hours                             20    8.73  +0.387   +7.74  95.0%   1.00   0.26  0.965    1    8/9     23
  17:00 New York (EOD)                 20    8.73  +0.387   +7.74  95.0%   1.00   0.26  0.965    1    8/9     23
  -- stop distance (structural target, R still = structural risk) -------------------------------------------------------
  stop 0.5R                            20    3.43  +0.248   +4.96  80.0%   1.01   0.34  0.956    2    7/9     21
  stop 0.75R                           20    3.27  +0.259   +5.17  85.0%   1.51   0.51  0.959    2    6/9     22
  stop 1R   [BASELINE]                 20    8.73  +0.387   +7.74  95.0%   1.00   0.26  0.965    1    8/9     23
  stop 1.25R                           20   11.95  +0.401   +8.01  95.0%   0.73   0.18  0.976    1    8/9     23
  stop 1.5R                            20   11.95  +0.401   +8.01  95.0%   0.73   0.18  0.976    1    8/9     23
  stop 2R                              20   11.95  +0.401   +8.01  95.0%   0.73   0.18  0.976    1    8/9     23
  -- break-even, trailing, partials (structural target and stop) --------------------------------------------------------
  break-even at +0.25R                 20    3.61  +0.136   +2.73  55.0%   1.00   0.30  0.881    2    6/9     13
  break-even at +0.5R                  20    7.99  +0.350   +7.00  90.0%   1.00   0.26  0.943    1    8/9     23
  break-even at +0.75R                 20    8.73  +0.387   +7.74  95.0%   1.00   0.26  0.965    1    8/9     23
  break-even at +1R                    20    8.73  +0.387   +7.74  95.0%   1.00   0.26  0.965    1    8/9     23
  trail 0.5R behind the high           20    4.17  +0.212   +4.24  75.0%   0.68   0.21  0.917    2    7/9     18
  trail 0.75R behind the high          20    3.21  +0.241   +4.82  80.0%   1.18   0.37  0.953    2    7/9     21
  trail 1R behind the high             20    5.40  +0.329   +6.58  90.0%   0.83   0.26  0.972    1    7/9     23
  trail 1.5R behind the high           20    8.73  +0.387   +7.74  95.0%   1.00   0.26  0.965    1    8/9     23
  bank 33% at +0.5R, run the rest      20    8.25  +0.363   +7.26  95.0%   1.00   0.26  0.962    1    8/9     23
  bank 33% at +1R, run the rest        20    8.73  +0.387   +7.74  95.0%   1.00   0.26  0.965    1    8/9     23
  bank 50% at +0.5R, run the rest      20    8.01  +0.351   +7.02  95.0%   1.00   0.26  0.960    1    8/9     23
  bank 50% at +1R, run the rest        20    8.73  +0.387   +7.74  95.0%   1.00   0.26  0.965    1    8/9     23
  bank 75% at +0.5R, run the rest      20    7.64  +0.333   +6.65  95.0%   1.00   0.26  0.957    1    8/9     23
  bank 75% at +1R, run the rest        20    8.73  +0.387   +7.74  95.0%   1.00   0.26  0.965    1    8/9     23

================================================================================================================================
M10 n=25 best all-day   [IN-SAMPLE 2025-08-21..2026-08-20]
================================================================================================================================
  exit family                           n      PF   exp R   net R     WR     DD  Ulcer     R2 strk    mo+   hold
  -- targets (structural stop, exit by end of the 6h cycle) -------------------------------------------------------------
  structural target  [BASELINE]        25    8.09  +0.324   +8.11  92.0%   1.00   0.28  0.955    1  10/11     23
  fixed 0.5R target                    25    3.18  +0.260   +6.51  76.0%   1.05   0.40  0.802    1   9/11     34
  fixed 1R target                      25    2.99  +0.381   +9.53  64.0%   2.16   0.80  0.684    2   8/11    120
  fixed 1.5R target                    25    2.26  +0.344   +8.59  56.0%   3.89   1.35  0.532    3   8/11    164
  fixed 2R target                      25    2.50  +0.406  +10.16  56.0%   3.89   1.34  0.591    3   8/11    180
  fixed 3R target                      25    2.53  +0.417  +10.41  56.0%   3.89   1.35  0.597    3   8/11    180
  no target, time only                 25    2.18  +0.321   +8.01  56.0%   3.89   1.38  0.434    3   8/11    180
  -- time bounds (structural target and stop) ----------------------------------------------------------------------------
  end of Q3   (+90 min)                25    5.79  +0.284   +7.10  88.0%   1.03   0.32  0.938    1   9/11     23
  end of cycle (+3h)  [BASELINE]       25    8.09  +0.324   +8.11  92.0%   1.00   0.28  0.955    1  10/11     23
  +6 hours                             25    9.92  +0.357   +8.93  96.0%   1.00   0.23  0.979    1  10/11     23
  17:00 New York (EOD)                 25    8.09  +0.324   +8.11  92.0%   1.00   0.28  0.955    1  10/11     23
  -- stop distance (structural target, R still = structural risk) -------------------------------------------------------
  stop 0.5R                            25    3.09  +0.212   +5.30  80.0%   1.01   0.30  0.956    2   8/11     15
  stop 0.75R                           25    3.29  +0.221   +5.53  84.0%   1.51   0.44  0.956    2   8/11     22
  stop 1R   [BASELINE]                 25    8.09  +0.324   +8.11  92.0%   1.00   0.28  0.955    1  10/11     23
  stop 1.25R                           25   10.58  +0.335   +8.38  92.0%   0.73   0.19  0.969    1  10/11     23
  stop 1.5R                            25   10.58  +0.335   +8.38  92.0%   0.73   0.19  0.969    1  10/11     23
  stop 2R                              25   10.58  +0.335   +8.38  92.0%   0.73   0.19  0.969    1  10/11     23
  -- break-even, trailing, partials (structural target and stop) --------------------------------------------------------
  break-even at +0.25R                 25    4.71  +0.157   +3.93  64.0%   1.00   0.30  0.916    2   8/11     13
  break-even at +0.5R                  25    8.09  +0.324   +8.11  92.0%   1.00   0.28  0.955    1  10/11     23
  break-even at +0.75R                 25    8.09  +0.324   +8.11  92.0%   1.00   0.28  0.955    1  10/11     23
  break-even at +1R                    25    8.09  +0.324   +8.11  92.0%   1.00   0.28  0.955    1  10/11     23
  trail 0.5R behind the high           25    3.80  +0.210   +5.25  76.0%   0.68   0.20  0.941    2   8/11     15
  trail 0.75R behind the high          25    3.65  +0.231   +5.77  84.0%   1.18   0.32  0.952    2   9/11     22
  trail 1R behind the high             25    5.24  +0.278   +6.94  88.0%   0.83   0.26  0.964    1   9/11     23
  trail 1.5R behind the high           25    8.09  +0.324   +8.11  92.0%   1.00   0.28  0.955    1  10/11     23
  bank 33% at +0.5R, run the rest      25    7.71  +0.307   +7.68  92.0%   1.00   0.28  0.952    1  10/11     23
  bank 33% at +1R, run the rest        25    8.09  +0.324   +8.11  92.0%   1.00   0.28  0.955    1  10/11     23
  bank 50% at +0.5R, run the rest      25    7.52  +0.298   +7.45  92.0%   1.00   0.28  0.950    1  10/11     23
  bank 50% at +1R, run the rest        25    8.09  +0.324   +8.11  92.0%   1.00   0.28  0.955    1  10/11     23
  bank 75% at +0.5R, run the rest      25    7.23  +0.285   +7.13  92.0%   1.00   0.28  0.947    1  10/11     23
  bank 75% at +1R, run the rest        25    8.09  +0.324   +8.11  92.0%   1.00   0.28  0.955    1  10/11     23

================================================================================================================================
M3  n=31 highest PF   [IN-SAMPLE 2025-08-21..2026-08-20]
================================================================================================================================
  exit family                           n      PF   exp R   net R     WR     DD  Ulcer     R2 strk    mo+   hold
  -- targets (structural stop, exit by end of the 6h cycle) -------------------------------------------------------------
  structural target  [BASELINE]        31    6.14  +0.551  +17.08  87.1%   1.02   0.42  0.966    1  10/11     30
  fixed 0.5R target                    31    2.51  +0.238   +7.38  80.6%   2.06   0.79  0.871    2   8/11     31
  fixed 1R target                      31    2.97  +0.424  +13.15  71.0%   1.83   0.67  0.938    2   9/11     58
  fixed 1.5R target                    31    3.19  +0.558  +17.29  64.5%   1.83   0.62  0.969    2   9/11    120
  fixed 2R target                      31    2.82  +0.546  +16.92  58.1%   2.96   1.06  0.918    4   9/11    120
  fixed 3R target                      31    1.95  +0.355  +10.99  48.4%   2.96   1.22  0.722    4   7/11    120
  no target, time only                 31    1.86  +0.322  +10.00  48.4%   2.96   1.27  0.788    4   6/11    180
  -- time bounds (structural target and stop) ----------------------------------------------------------------------------
  end of Q3   (+90 min)                31    4.50  +0.449  +13.92  77.4%   1.08   0.43  0.942    2   7/11     30
  end of cycle (+3h)  [BASELINE]       31    6.14  +0.551  +17.08  87.1%   1.02   0.42  0.966    1  10/11     30
  +6 hours                             31    6.93  +0.587  +18.19  87.1%   1.02   0.40  0.979    1   9/11     30
  17:00 New York (EOD)                 31    6.58  +0.552  +17.11  87.1%   1.02   0.40  0.970    1   9/11     30
  -- stop distance (structural target, R still = structural risk) -------------------------------------------------------
  stop 0.5R                            31    2.18  +0.233   +7.22  61.3%   1.52   0.76  0.756    3   8/11     28
  stop 0.75R                           31    3.10  +0.381  +11.80  74.2%   2.28   0.91  0.868    3  10/11     28
  stop 1R   [BASELINE]                 31    6.14  +0.551  +17.08  87.1%   1.02   0.42  0.966    1  10/11     30
  stop 1.25R                           31    5.73  +0.544  +16.85  87.1%   1.27   0.45  0.967    1   9/11     30
  stop 1.5R                            31    5.06  +0.528  +16.38  87.1%   1.50   0.53  0.964    1   9/11     31
  stop 2R                              31    7.04  +0.594  +18.41  90.3%   2.02   0.57  0.976    1  10/11     31
  -- break-even, trailing, partials (structural target and stop) --------------------------------------------------------
  break-even at +0.25R                 31    4.41  +0.238   +7.38  48.4%   1.03   0.43  0.887    5   9/11     11
  break-even at +0.5R                  31    4.68  +0.404  +12.53  71.0%   1.04   0.51  0.946    2   8/11     28
  break-even at +0.75R                 31    5.69  +0.508  +15.76  83.9%   1.02   0.51  0.961    1  10/11     30
  break-even at +1R                    31    5.69  +0.508  +15.76  83.9%   1.02   0.51  0.961    1  10/11     30
  trail 0.5R behind the high           31    2.14  +0.131   +4.05  54.8%   1.26   0.45  0.740    5   8/11     12
  trail 0.75R behind the high          31    2.40  +0.227   +7.02  64.5%   2.01   0.82  0.835    3   8/11     22
  trail 1R behind the high             31    3.31  +0.342  +10.61  74.2%   1.68   0.51  0.931    2   9/11     24
  trail 1.5R behind the high           31    3.69  +0.440  +13.64  80.6%   1.02   0.47  0.926    1  10/11     30
  bank 33% at +0.5R, run the rest      31    5.25  +0.456  +14.15  87.1%   1.02   0.42  0.968    1   9/11     30
  bank 33% at +1R, run the rest        31    5.80  +0.516  +15.98  87.1%   1.02   0.42  0.970    1  10/11     30
  bank 50% at +0.5R, run the rest      31    4.80  +0.407  +12.63  87.1%   1.02   0.42  0.968    1   9/11     30
  bank 50% at +1R, run the rest        31    5.63  +0.497  +15.42  87.1%   1.02   0.42  0.971    1  10/11     30
  bank 75% at +0.5R, run the rest      31    4.13  +0.336  +10.41  87.1%   1.02   0.43  0.966    1   9/11     30
  bank 75% at +1R, run the rest        31    5.38  +0.470  +14.58  87.1%   1.02   0.42  0.973    1  10/11     30

================================================================================================================================
M6  n=22 smoothest   [IN-SAMPLE 2025-08-21..2026-08-20]
================================================================================================================================
  exit family                           n      PF   exp R   net R     WR     DD  Ulcer     R2 strk    mo+   hold
  -- targets (structural stop, exit by end of the 6h cycle) -------------------------------------------------------------
  structural target  [BASELINE]        22    3.79  +0.301   +6.62  81.8%   1.00   0.35  0.952    1  10/10     23
  fixed 0.5R target                    22    2.66  +0.241   +5.30  77.3%   1.00   0.39  0.825    1   8/10     32
  fixed 1R target                      22    3.62  +0.502  +11.04  72.7%   1.02   0.42  0.933    1   9/10     53
  fixed 1.5R target                    22    2.62  +0.460  +10.12  63.6%   1.03   0.53  0.942    1   7/10    141
  fixed 2R target                      22    2.93  +0.548  +12.05  63.6%   1.03   0.53  0.949    1   7/10    165
  fixed 3R target                      22    2.21  +0.399   +8.79  59.1%   2.04   0.70  0.944    2   6/10    180
  no target, time only                 22    1.88  +0.290   +6.39  59.1%   2.04   0.70  0.930    2   6/10    180
  -- time bounds (structural target and stop) ----------------------------------------------------------------------------
  end of Q3   (+90 min)                22    3.42  +0.266   +5.86  81.8%   1.04   0.37  0.904    2  10/10     23
  end of cycle (+3h)  [BASELINE]       22    3.79  +0.301   +6.62  81.8%   1.00   0.35  0.952    1  10/10     23
  +6 hours                             22    3.87  +0.304   +6.69  86.4%   1.00   0.35  0.953    1  10/10     23
  17:00 New York (EOD)                 22    3.87  +0.304   +6.69  86.4%   1.00   0.35  0.953    1  10/10     23
  -- stop distance (structural target, R still = structural risk) -------------------------------------------------------
  stop 0.5R                            22    1.85  +0.140   +3.08  63.6%   1.53   0.59  0.769    3   7/10      7
  stop 0.75R                           22    2.20  +0.186   +4.10  72.7%   1.54   0.67  0.694    2   8/10     21
  stop 1R   [BASELINE]                 22    3.79  +0.301   +6.62  81.8%   1.00   0.35  0.952    1  10/10     23
  stop 1.25R                           22    3.82  +0.302   +6.64  81.8%   1.25   0.38  0.952    1   9/10     23
  stop 1.5R                            22    3.44  +0.290   +6.38  81.8%   1.51   0.46  0.936    1   9/10     23
  stop 2R                              22    2.90  +0.268   +5.89  81.8%   2.00   0.65  0.891    1   9/10     23
  -- break-even, trailing, partials (structural target and stop) --------------------------------------------------------
  break-even at +0.25R                 22    2.56  +0.144   +3.16  54.5%   1.00   0.48  0.547    3   7/10     13
  break-even at +0.5R                  22    3.13  +0.229   +5.04  72.7%   1.00   0.41  0.814    2   9/10     23
  break-even at +0.75R                 22    3.79  +0.301   +6.62  81.8%   1.00   0.35  0.952    1  10/10     23
  break-even at +1R                    22    3.79  +0.301   +6.62  81.8%   1.00   0.35  0.952    1  10/10     23
  trail 0.5R behind the high           22    1.76  +0.106   +2.34  59.1%   1.31   0.72  0.540    3   6/10      6
  trail 0.75R behind the high          22    1.87  +0.144   +3.17  68.2%   2.06   0.85  0.675    3   9/10     14
  trail 1R behind the high             22    4.20  +0.311   +6.85  81.8%   0.94   0.31  0.962    1  10/10     23
  trail 1.5R behind the high           22    3.79  +0.301   +6.62  81.8%   1.00   0.35  0.952    1  10/10     23
  bank 33% at +0.5R, run the rest      22    3.50  +0.270   +5.94  81.8%   1.00   0.35  0.943    1  10/10     23
  bank 33% at +1R, run the rest        22    3.79  +0.301   +6.62  81.8%   1.00   0.35  0.952    1  10/10     23
  bank 50% at +0.5R, run the rest      22    3.35  +0.254   +5.58  81.8%   1.00   0.36  0.935    1   9/10     23
  bank 50% at +1R, run the rest        22    3.79  +0.301   +6.62  81.8%   1.00   0.35  0.952    1  10/10     23
  bank 75% at +0.5R, run the rest      22    3.14  +0.230   +5.07  81.8%   1.00   0.36  0.920    1   9/10     23
  bank 75% at +1R, run the rest        22    3.79  +0.301   +6.62  81.8%   1.00   0.35  0.952    1  10/10     23

================================================================================================================================
SWD shallow sweeps only   [IN-SAMPLE 2025-08-21..2026-08-20]
================================================================================================================================
  exit family                           n      PF   exp R   net R     WR     DD  Ulcer     R2 strk    mo+   hold
  -- targets (structural stop, exit by end of the 6h cycle) -------------------------------------------------------------
  structural target  [BASELINE]        38    2.17  +0.496  +18.83  52.6%   3.62   1.54  0.622    3   7/10     47
  fixed 0.5R target                    38    1.03  +0.011   +0.40  65.8%   3.77   2.32  0.004    2   6/10      8
  fixed 1R target                      38    1.80  +0.268  +10.19  63.2%   3.41   1.39  0.777    3   7/10     17
  fixed 1.5R target                    38    1.95  +0.362  +13.76  57.9%   3.33   1.31  0.783    3   7/10     33
  fixed 2R target                      38    2.05  +0.430  +16.34  55.3%   3.81   1.48  0.769    3   7/10     50
  fixed 3R target                      38    1.88  +0.401  +15.25  47.4%   4.97   2.27  0.618    6   6/10    105
  no target, time only                 38    1.63  +0.319  +12.12  42.1%   5.19   2.56  0.608    6   6/10    120
  -- time bounds (structural target and stop) ----------------------------------------------------------------------------
  end of Q3   (+90 min)                38    2.26  +0.450  +17.09  55.3%   3.62   1.55  0.733    3   7/10     47
  end of cycle (+3h)  [BASELINE]       38    2.17  +0.496  +18.83  52.6%   3.62   1.54  0.622    3   7/10     47
  +6 hours                             38    1.98  +0.452  +17.17  52.6%   4.13   1.78  0.457    4   7/10     47
  17:00 New York (EOD)                 38    1.98  +0.443  +16.84  50.0%   3.81   1.69  0.508    4   8/10     47
  -- stop distance (structural target, R still = structural risk) -------------------------------------------------------
  stop 0.5R                            38    1.70  +0.242   +9.18  34.2%   3.13   1.50  0.331    6   7/10     14
  stop 0.75R                           38    2.08  +0.423  +16.06  44.7%   2.34   1.09  0.520    3   8/10     34
  stop 1R   [BASELINE]                 38    2.17  +0.496  +18.83  52.6%   3.62   1.54  0.622    3   7/10     47
  stop 1.25R                           38    2.82  +0.716  +27.20  60.5%   3.21   1.29  0.837    3   9/10     66
  stop 1.5R                            38    2.44  +0.654  +24.85  60.5%   3.81   1.66  0.796    3   8/10     72
  stop 2R                              38    2.43  +0.697  +26.47  63.2%   4.15   1.71  0.862    2   7/10     80
  -- break-even, trailing, partials (structural target and stop) --------------------------------------------------------
  break-even at +0.25R                 38    1.90  +0.211   +8.02  26.3%   3.24   1.60  0.387   10   6/10      6
  break-even at +0.5R                  38    2.10  +0.347  +13.17  39.5%   2.63   1.18  0.602    4   7/10     31
  break-even at +0.75R                 38    2.00  +0.342  +13.01  42.1%   3.63   1.40  0.624    4   7/10     41
  break-even at +1R                    38    2.06  +0.363  +13.78  44.7%   3.62   1.35  0.635    4   7/10     42
  trail 0.5R behind the high           38    1.08  +0.018   +0.70  28.9%   2.21   1.18  0.071    7   4/10      4
  trail 0.75R behind the high          38    1.42  +0.120   +4.54  39.5%   2.08   1.11  0.480    4   8/10     12
  trail 1R behind the high             38    1.60  +0.221   +8.39  50.0%   3.25   1.37  0.691    3   6/10     20
  trail 1.5R behind the high           38    1.79  +0.301  +11.43  55.3%   3.49   1.41  0.534    3   7/10     36
  bank 33% at +0.5R, run the rest      38    1.92  +0.335  +12.73  52.6%   3.22   1.53  0.567    3   7/10     47
  bank 33% at +1R, run the rest        38    2.15  +0.413  +15.70  52.6%   3.62   1.45  0.675    3   7/10     47
  bank 50% at +0.5R, run the rest      38    1.75  +0.252   +9.58  52.6%   3.01   1.57  0.511    3   6/10     47
  bank 50% at +1R, run the rest        38    2.10  +0.371  +14.09  57.9%   3.62   1.42  0.705    3   7/10     47
  bank 75% at +0.5R, run the rest      38    1.42  +0.130   +4.96  65.8%   3.27   1.74  0.326    2   6/10     47
  bank 75% at +1R, run the rest        38    1.91  +0.308  +11.72  63.2%   3.62   1.43  0.747    3   7/10     47

  STOP x TARGET SURFACE (PF, then n) — BASE (all cycles)   [IN-SAMPLE]
    SL\TP         0.5R     0.75R        1R      1.5R        2R        3R
    0.5R         0.41     0.48     0.48     0.43     0.46     0.47
    0.75R        0.46     0.54     0.56     0.52     0.57     0.57
    1R           0.49     0.58     0.60     0.58     0.64     0.64
    1.25R        0.50     0.59     0.61     0.60     0.66     0.65
    1.5R         0.50     0.59     0.61     0.60     0.66     0.65
    n              896       896       896       896       896       896

  STOP x TARGET SURFACE (PF, then n) — M10 n=25 best all-day   [IN-SAMPLE]
    SL\TP         0.5R     0.75R        1R      1.5R        2R        3R
    0.5R         1.61     1.66     1.24     0.80     0.91     0.84
    0.75R        2.01     2.46     2.15     1.72     1.87     1.92
    1R           3.18     3.83     2.99     2.26     2.50     2.53
    1.25R        3.49     4.17     3.03     2.26     2.50     2.53
    1.5R         3.49     4.17     2.88     2.11     2.33     2.36
    n               25        25        25        25        25        25

  STOP x TARGET SURFACE (PF, then n) — M3  n=31 highest PF   [IN-SAMPLE]
    SL\TP         0.5R     0.75R        1R      1.5R        2R        3R
    0.5R         1.52     1.35     1.15     0.98     1.21     0.84
    0.75R        2.01     1.88     1.84     2.01     2.08     1.77
    1R           2.51     3.27     2.97     3.19     2.82     1.95
    1.25R        2.40     3.13     2.78     2.93     2.83     1.89
    1.5R         2.20     2.88     2.53     2.64     2.56     1.68
    n               31        31        31        31        31        31

  EQUITY / DRAWDOWN — BASE (all cycles)   [IN-SAMPLE]
    2025-08-20     -1.02R  dd  1.02R  |                                                                        *
    2025-09-03     -8.54R  dd 10.64R  |                                                                      *
    2025-09-16    -26.90R  dd 29.00R  |                                                                 *
    2025-09-29    -32.02R  dd 34.12R  |                                                               *
    2025-10-10    -37.80R  dd 39.90R  |                                                              *
    2025-10-24    -44.77R  dd 46.86R  |                                                            *
    2025-11-06    -59.92R  dd 62.02R  |                                                        *
    2025-11-20    -76.88R  dd 78.98R  |                                                   *
    2025-12-03    -93.74R  dd 95.84R  |                                              *
    2025-12-16   -104.30R  dd 106.40R  |                                           *
    2025-12-30   -110.84R  dd 112.94R  |                                         *
    2026-01-14   -113.60R  dd 115.70R  |                                         *
    2026-01-27   -112.66R  dd 114.76R  |                                         *
    2026-02-11   -124.77R  dd 126.87R  |                                      *
    2026-02-25   -140.07R  dd 142.17R  |                                 *
    2026-03-11   -157.43R  dd 159.53R  |                            *
    2026-03-23   -149.07R  dd 151.17R  |                               *
    2026-04-02   -135.52R  dd 137.62R  |                                   *
    2026-04-16   -142.27R  dd 144.37R  |                                 *
    2026-04-28   -155.67R  dd 157.77R  |                             *
    2026-05-12   -174.39R  dd 176.49R  |                        *
    2026-05-25   -183.37R  dd 185.47R  |                     *
    2026-06-08   -192.17R  dd 194.27R  |                   *
    2026-06-19   -194.79R  dd 196.89R  |                  *
    2026-07-02   -199.60R  dd 201.70R  |                 *
    2026-07-15   -210.83R  dd 212.93R  |             *
    2026-07-28   -233.43R  dd 235.53R  |       *
    2026-08-10   -245.66R  dd 247.75R  |    *
    FINAL        -258.22R  maxDD 261.07R  Ulcer 147.18R

  MONTHLY — BASE (all cycles)   [IN-SAMPLE]
       2025-08   2025-09   2025-10   2025-11   2025-12   2026-01   2026-02   2026-03   2026-04   2026-05   2026-06   2026-07   2026-08
         -5.82    -32.31    -12.28    -38.75    -23.92     -6.48    -27.19    +11.61    -26.41    -23.74     -8.85    -41.90    -22.16
          n=26      n=77      n=76      n=70      n=74      n=72      n=63      n=81      n=77      n=72      n=76      n=80      n=52
    months positive: 1 of 13

  EQUITY / DRAWDOWN — M2  n=20 highest PF   [IN-SAMPLE]
    2025-09-22      0.67R  dd  0.00R  |      *
    2025-10-02      1.30R  dd  0.00R  |            *
    2025-11-05      1.65R  dd  0.00R  |                *
    2025-11-24      2.39R  dd  0.00R  |                       *
    2025-12-04      3.00R  dd  0.00R  |                            *
    2025-12-07      2.00R  dd  1.00R  |                   *
    2026-01-05      2.39R  dd  0.61R  |                       *
    2026-01-16      3.09R  dd  0.00R  |                             *
    2026-04-19      3.71R  dd  0.00R  |                                   *
    2026-04-22      3.74R  dd  0.00R  |                                   *
    2026-05-08      3.91R  dd  0.00R  |                                     *
    2026-05-11      3.95R  dd  0.00R  |                                     *
    2026-05-11      4.50R  dd  0.00R  |                                          *
    2026-05-13      4.94R  dd  0.00R  |                                               *
    2026-05-28      5.37R  dd  0.00R  |                                                   *
    2026-06-09      5.66R  dd  0.00R  |                                                     *
    2026-06-16      6.39R  dd  0.00R  |                                                            *
    2026-06-26      6.55R  dd  0.00R  |                                                              *
    2026-08-18      7.24R  dd  0.00R  |                                                                    *
    2026-08-19      7.74R  dd  0.00R  |                                                                         *
    FINAL           7.74R  maxDD 1.00R  Ulcer 0.26R

  MONTHLY — M2  n=20 highest PF   [IN-SAMPLE]
       2025-09   2025-10   2025-11   2025-12   2026-01   2026-04   2026-05   2026-06   2026-08
         +0.67     +0.63     +1.09     -0.39     +1.09     +0.65     +1.63     +1.18     +1.19
           n=1       n=1       n=2       n=2       n=2       n=2       n=5       n=3       n=2
    months positive: 8 of 9

  EQUITY / DRAWDOWN — M10 n=25 best all-day   [IN-SAMPLE]
    2025-09-22      0.67R  dd  0.00R  |      *
    2025-10-02      1.30R  dd  0.00R  |            *
    2025-11-03      2.01R  dd  0.00R  |                  *
    2025-11-05      2.37R  dd  0.00R  |                     *
    2025-11-17      2.51R  dd  0.00R  |                       *
    2025-12-04      3.12R  dd  0.00R  |                            *
    2025-12-07      2.12R  dd  1.00R  |                   *
    2026-01-05      2.51R  dd  0.61R  |                       *
    2026-01-07      2.36R  dd  0.76R  |                     *
    2026-01-16      3.07R  dd  0.05R  |                            *
    2026-03-11      3.51R  dd  0.00R  |                                *
    2026-04-22      3.54R  dd  0.00R  |                                *
    2026-05-08      3.71R  dd  0.00R  |                                 *
    2026-05-11      3.75R  dd  0.00R  |                                  *
    2026-05-11      4.30R  dd  0.00R  |                                       *
    2026-05-12      4.77R  dd  0.00R  |                                           *
    2026-05-28      5.20R  dd  0.00R  |                                               *
    2026-06-09      5.48R  dd  0.00R  |                                                 *
    2026-06-12      5.84R  dd  0.00R  |                                                     *
    2026-06-16      6.58R  dd  0.00R  |                                                           *
    2026-06-26      6.74R  dd  0.00R  |                                                             *
    2026-07-08      6.81R  dd  0.00R  |                                                             *
    2026-07-13      6.92R  dd  0.00R  |                                                              *
    2026-08-18      7.61R  dd  0.00R  |                                                                    *
    2026-08-19      8.11R  dd  0.00R  |                                                                         *
    FINAL           8.11R  maxDD 1.00R  Ulcer 0.28R

  MONTHLY — M10 n=25 best all-day   [IN-SAMPLE]
       2025-09   2025-10   2025-11   2025-12   2026-01   2026-03   2026-04   2026-05   2026-06   2026-07   2026-08
         +0.67     +0.63     +1.21     -0.39     +0.95     +0.44     +0.02     +1.66     +1.54     +0.18     +1.19
           n=1       n=1       n=3       n=2       n=3       n=1       n=1       n=5       n=4       n=2       n=2
    months positive: 10 of 11

  EQUITY / DRAWDOWN — M3  n=31 highest PF   [IN-SAMPLE]
    2025-09-12      0.81R  dd  0.00R  |   *
    2025-09-18      1.75R  dd  0.00R  |       *
    2025-09-22      2.42R  dd  0.00R  |          *
    2025-10-02      1.40R  dd  1.02R  |      *
    2025-10-02      2.03R  dd  0.39R  |         *
    2025-11-03      2.74R  dd  0.00R  |            *
    2025-11-05      3.10R  dd  0.00R  |             *
    2025-11-19      3.96R  dd  0.00R  |                 *
    2025-12-01      4.55R  dd  0.00R  |                   *
    2025-12-04      5.16R  dd  0.00R  |                      *
    2025-12-07      4.16R  dd  1.00R  |                  *
    2026-01-05      4.55R  dd  0.61R  |                   *
    2026-01-08      4.25R  dd  0.91R  |                  *
    2026-01-15      5.88R  dd  0.00R  |                         *
    2026-01-16      6.58R  dd  0.00R  |                            *
    2026-02-11      6.85R  dd  0.00R  |                             *
    2026-03-09      7.69R  dd  0.00R  |                                 *
    2026-03-13      9.23R  dd  0.00R  |                                       *
    2026-03-19     11.14R  dd  0.00R  |                                                *
    2026-04-08     12.35R  dd  0.00R  |                                                     *
    2026-04-09     11.35R  dd  1.01R  |                                                *
    2026-04-22     11.37R  dd  0.98R  |                                                 *
    2026-05-10     12.66R  dd  0.00R  |                                                      *
    2026-05-11     12.69R  dd  0.00R  |                                                      *
    2026-05-28     12.95R  dd  0.00R  |                                                       *
    2026-05-28     13.38R  dd  0.00R  |                                                         *
    2026-06-08     15.14R  dd  0.00R  |                                                                 *
    2026-06-12     15.50R  dd  0.00R  |                                                                  *
    2026-06-16     16.24R  dd  0.00R  |                                                                     *
    2026-06-26     16.40R  dd  0.00R  |                                                                      *
    2026-08-18     17.08R  dd  0.00R  |                                                                         *
    FINAL          17.08R  maxDD 1.02R  Ulcer 0.42R

  MONTHLY — M3  n=31 highest PF   [IN-SAMPLE]
       2025-09   2025-10   2025-11   2025-12   2026-01   2026-02   2026-03   2026-04   2026-05   2026-06   2026-08
         +2.42     -0.39     +1.93     +0.20     +2.42     +0.26     +4.30     +0.23     +2.01     +3.02     +0.69
           n=3       n=2       n=3       n=3       n=4       n=1       n=3       n=3       n=4       n=4       n=1
    months positive: 10 of 11

================================================================================================================================
ACTIVITY x CYCLE HEATMAP — structural exit, base universe   [IN-SAMPLE]
================================================================================================================================
  PF by activity band x cycle   (n in brackets)
    band                    D1              D2              D3              D4             ALL
    0-20%            0.56 (41)       0.59 (38)       0.36 (40)       0.27 (33)      0.45 (152)
    20-40%           0.41 (36)       0.27 (43)       0.90 (45)       0.34 (31)      0.50 (155)
    40-60%           0.66 (36)       0.61 (36)       0.65 (43)       0.50 (24)      0.62 (139)
    60-80%           0.95 (45)       0.21 (44)       0.78 (49)       0.40 (42)      0.57 (180)
    80-100%          0.89 (54)       1.03 (55)       0.54 (53)       0.63 (48)      0.77 (210)

written to research/insample/results/exits.log
